i  emulators: Starting emulators: firestore, database
i  emulators: Detected demo project ID "demo-match-image-preferences", emulated services will use a demo configuration and attempts to access non-emulated services for this project will fail.
i  firestore: downloading cloud-firestore-emulator-v1.19.8.jar...

i  firestore: Removing outdated emulator files: cloud-firestore-emulator-v1.21.0.jar
i  firestore: Firestore Emulator logging to firestore-debug.log
+  firestore: Firestore Emulator UI websocket is running on 9150.
i  database: Database Emulator logging to database-debug.log
i  Running script: node --test --test-force-exit --test-timeout=120000 --test-concurrency=1 functions/test/match-image-preferences-emulator.test.js functions/test/player-safety-strategy-emulator.test.js
TAP version 13
# [2026-09-17T11:53:24.243Z]  @firebase/database: FIREBASE WARNING: set at /online/matchImagePreferenceSnapshots/solo/PPPPPPPPPPPPPPPPPPPP failed: permission_denied
# [2026-09-17T11:53:24.247Z]  @firebase/database: FIREBASE WARNING: set at /online/matchImagePreferenceSnapshots/solo/PPPPPPPPPPPPPPPPPPPP/preferences/host failed: permission_denied
# [2026-09-17T11:53:24.251Z]  @firebase/database: FIREBASE WARNING: set at /online/matchImagePreferenceSnapshots/solo/PPPPPPPPPPPPPPPPPPPP failed: permission_denied
# [2026-09-17T11:53:24.302Z]  @firebase/database: FIREBASE WARNING: set at /online/matchImagePreferenceSnapshots/solo/PPPPPPPPPPPPPPPPPPPP failed: permission_denied
# [2026-09-17T11:53:24.304Z]  @firebase/database: FIREBASE WARNING: set at /online/matchImagePreferenceSnapshots/solo/PPPPPPPPPPPPPPPPPPPP/preferences/host failed: permission_denied
# [2026-09-17T11:53:24.305Z]  @firebase/database: FIREBASE WARNING: set at /online/matchImagePreferenceSnapshots/solo/PPPPPPPPPPPPPPPPPPPP failed: permission_denied
# [2026-09-17T11:53:24.364Z]  @firebase/database: FIREBASE WARNING: set at /online/matchImagePreferenceSnapshots/solo/PPPPPPPPPPPPPPPPPPPP failed: permission_denied
# [2026-09-17T11:53:24.366Z]  @firebase/database: FIREBASE WARNING: set at /online/matchImagePreferenceSnapshots/solo/PPPPPPPPPPPPPPPPPPPP/preferences/host failed: permission_denied
# [2026-09-17T11:53:24.368Z]  @firebase/database: FIREBASE WARNING: set at /online/matchImagePreferenceSnapshots/solo/PPPPPPPPPPPPPPPPPPPP failed: permission_denied
# [2026-09-17T11:53:24.427Z]  @firebase/database: FIREBASE WARNING: set at /online/matchImagePreferenceSnapshots/solo/PPPPPPPPPPPPPPPPPPPP failed: permission_denied
# [2026-09-17T11:53:24.429Z]  @firebase/database: FIREBASE WARNING: set at /online/matchImagePreferenceSnapshots/solo/PPPPPPPPPPPPPPPPPPPP/preferences/host failed: permission_denied
# [2026-09-17T11:53:24.431Z]  @firebase/database: FIREBASE WARNING: set at /online/matchImagePreferenceSnapshots/solo/PPPPPPPPPPPPPPPPPPPP failed: permission_denied
# [2026-09-17T11:53:24.536Z]  @firebase/database: FIREBASE WARNING: set at /online/matchImagePreferenceSnapshots/strategy/PPPPPPPPPPPPPPPPPPPP failed: permission_denied
# [2026-09-17T11:53:24.537Z]  @firebase/database: FIREBASE WARNING: set at /online/matchImagePreferenceSnapshots/strategy/PPPPPPPPPPPPPPPPPPPP/preferences/host failed: permission_denied
# [2026-09-17T11:53:24.538Z]  @firebase/database: FIREBASE WARNING: set at /online/matchImagePreferenceSnapshots/strategy/PPPPPPPPPPPPPPPPPPPP failed: permission_denied
# [2026-09-17T11:53:24.585Z]  @firebase/database: FIREBASE WARNING: set at /online/matchImagePreferenceSnapshots/strategy/PPPPPPPPPPPPPPPPPPPP failed: permission_denied
# [2026-09-17T11:53:24.587Z]  @firebase/database: FIREBASE WARNING: set at /online/matchImagePreferenceSnapshots/strategy/PPPPPPPPPPPPPPPPPPPP/preferences/host failed: permission_denied
# [2026-09-17T11:53:24.588Z]  @firebase/database: FIREBASE WARNING: set at /online/matchImagePreferenceSnapshots/strategy/PPPPPPPPPPPPPPPPPPPP failed: permission_denied
# [2026-09-17T11:53:24.647Z]  @firebase/database: FIREBASE WARNING: set at /online/matchImagePreferenceSnapshots/strategy/PPPPPPPPPPPPPPPPPPPP failed: permission_denied
# [2026-09-17T11:53:24.649Z]  @firebase/database: FIREBASE WARNING: set at /online/matchImagePreferenceSnapshots/strategy/PPPPPPPPPPPPPPPPPPPP/preferences/host failed: permission_denied
# [2026-09-17T11:53:24.651Z]  @firebase/database: FIREBASE WARNING: set at /online/matchImagePreferenceSnapshots/strategy/PPPPPPPPPPPPPPPPPPPP failed: permission_denied
# [2026-09-17T11:53:24.709Z]  @firebase/database: FIREBASE WARNING: set at /online/matchImagePreferenceSnapshots/strategy/PPPPPPPPPPPPPPPPPPPP failed: permission_denied
# [2026-09-17T11:53:24.710Z]  @firebase/database: FIREBASE WARNING: set at /online/matchImagePreferenceSnapshots/strategy/PPPPPPPPPPPPPPPPPPPP/preferences/host failed: permission_denied
# [2026-09-17T11:53:24.711Z]  @firebase/database: FIREBASE WARNING: set at /online/matchImagePreferenceSnapshots/strategy/PPPPPPPPPPPPPPPPPPPP failed: permission_denied
# Subtest: private match choices deny reads and writes to both participants, outsiders, and anonymous clients
ok 1 - private match choices deny reads and writes to both participants, outsiders, and anonymous clients
  ---
  duration_ms: 1307.1928
  type: 'test'
  ...
# (node:5376) MetadataLookupWarning: received unexpected error = All promises were rejected code = UNKNOWN
# (Use `node --trace-warnings ...` to show where the warning was created)
# Subtest: strategy safety transitions on real isolated Firebase emulators
    # Subtest: remote queue transition and guest activation succeed on a cold transaction cache
    ok 1 - remote queue transition and guest activation succeed on a cold transaction cache
      ---
      duration_ms: 217.6569
      type: 'test'
      ...
    # Subtest: real block between offered and active denies acceptance
    ok 2 - real block between offered and active denies acceptance
      ---
      duration_ms: 327.1097
      type: 'test'
      ...
    # Subtest: remote offered-room expiry preserves a newer active reservation
    ok 3 - remote offered-room expiry preserves a newer active reservation
      ---
      duration_ms: 89.3902
      type: 'test'
      ...
    1..3
ok 2 - strategy safety transitions on real isolated Firebase emulators
  ---
  duration_ms: 5045.7576
  type: 'test'
  ...
1..2
# tests 5
# suites 0
# pass 5
# fail 0
# cancelled 0
# skipped 0
# todo 0
# duration_ms 6505.8049
+  Script exited successfully (code 0)
i  emulators: Shutting down emulators.
i  database: Stopping Database Emulator
!  Database Emulator has exited upon receiving signal: SIGINT
i  firestore: Stopping Firestore Emulator
!  Firestore Emulator has exited upon receiving signal: SIGINT
i  hub: Stopping emulator hub
i  logging: Stopping Logging Emulator
